=== DOM Traversal Log ===
Timestamp    : 2026-04-23 13:22:05
Algorithm    : BFS
CSS Selector : h1
Source       : URL: https://example.com
Max Depth    : 5

--- Traversal Steps ---
Step   | NodeID  | Tag                  | Depth | Action
----------------------------------------------------------
1      | 1       | html                 | 0     | VISIT
2      | 2       | head                 | 1     | VISIT
3      | 8       | body                 | 1     | VISIT
4      | 3       | title                | 2     | VISIT
5      | 5       | meta                 | 2     | VISIT
6      | 9       | div                  | 2     | VISIT
7      | 4       | #text                | 3     | VISIT
8      | 6       | style                | 3     | VISIT
9      | 10      | h1                   | 3     | MATCH ← CSS selector matched
10     | 12      | p                    | 3     | VISIT
11     | 14      | p                    | 3     | VISIT
12     | 7       | #text                | 4     | VISIT
13     | 11      | #text                | 4     | VISIT
14     | 13      | #text                | 4     | VISIT
15     | 15      | a                    | 4     | VISIT
16     | 16      | #text                | 5     | VISIT

--- Summary ---
Total Nodes Visited  : 16
Total Matches Found  : 1
Search Duration (ms) : 0
