=== DOM Traversal Log ===
Timestamp    : 2026-04-23 12:59:25
Algorithm    : BFS
CSS Selector : * (all elements)
Source       : URL: https://example.com
Max Depth    : 5

--- Traversal Steps ---
Step   | NodeID  | Tag                  | Depth | Action
----------------------------------------------------------
1      | 1       | html                 | 0     | MATCH ← CSS selector matched
2      | 2       | head                 | 1     | MATCH ← CSS selector matched
3      | 8       | body                 | 1     | MATCH ← CSS selector matched
4      | 3       | title                | 2     | MATCH ← CSS selector matched
5      | 5       | meta                 | 2     | MATCH ← CSS selector matched
6      | 9       | div                  | 2     | MATCH ← CSS selector matched
7      | 4       | #text                | 3     | MATCH ← CSS selector matched
8      | 6       | style                | 3     | MATCH ← CSS selector matched
9      | 10      | h1                   | 3     | MATCH ← CSS selector matched
10     | 12      | p                    | 3     | MATCH ← CSS selector matched
11     | 14      | p                    | 3     | MATCH ← CSS selector matched
12     | 7       | #text                | 4     | MATCH ← CSS selector matched
13     | 11      | #text                | 4     | MATCH ← CSS selector matched
14     | 13      | #text                | 4     | MATCH ← CSS selector matched
15     | 15      | a                    | 4     | MATCH ← CSS selector matched
16     | 16      | #text                | 5     | MATCH ← CSS selector matched

--- Summary ---
Total Nodes Visited  : 16
Total Matches Found  : 16
Search Duration (ms) : 0
